
> apexstructure@0.0.0 build
> vite build

[36mvite v8.0.3 [32mbuilding client environment for production...[36m[39m
[2K
transforming...Γ£ô 1917 modules transformed.
rendering chunks...
node.exe : [31mΓ£ù[39m Build failed in 843ms
At C:\nvm4w\nodejs\npm.ps1:29 char:3
+   & $NODE_EXE $NPM_CLI_JS $args
+   ~~~~~~~~~~~~~~~~~~~~~~~~~~~~~
    + CategoryInfo          : NotSpecified: ([31mΓ 
   £ù[39m Build failed in 843ms:String) [], Remot  
  eException
    + FullyQualifiedErrorId : NativeCommandError
 
[31merror during build:
[31mBuild failed with 1 error:

[31m[MISSING_EXPORT] Error:[0m "Bridge" is not 
exported by "node_modules/lucide-react/dist/esm/luci
de-react.js".
   [38;5;246mΓò¡[0m[38;5;246mΓöÇ[0m[38;5;246m[
[0m src/components/service.jsx:3:108 
[38;5;246m][0m
   [38;5;246mΓöé[0m
 [38;5;246m3 Γöé[0m [38;5;249mi[0m[38;5;249mm[
0m[38;5;249mp[0m[38;5;249mo[0m[38;5;249mr[0m[
38;5;249mt[0m[38;5;249m 
[0m[38;5;249m{[0m[38;5;249m [0m[38;5;249mB[0m
[38;5;249mu[0m[38;5;249mi[0m[38;5;249ml[0m[38
;5;249md[0m[38;5;249mi[0m[38;5;249mn[0m[38;5;2
49mg[0m[38;5;249m2[0m[38;5;249m,[0m[38;5;249m 
[0m[38;5;249mL[0m[38;5;249ma[0m[38;5;249mn[0m
[38;5;249md[0m[38;5;249mm[0m[38;5;249ma[0m[38
;5;249mr[0m[38;5;249mk[0m[38;5;249m,[0m[38;5;2
49m [0m[38;5;249mF[0m[38;5;249ma[0m[38;5;249mc
[0m[38;5;249mt[0m[38;5;249mo[0m[38;5;249mr[0m
[38;5;249my[0m[38;5;249m,[0m[38;5;249m [0m[38
;5;249mZ[0m[38;5;249ma[0m[38;5;249mp[0m[38;5;2
49m,[0m[38;5;249m [0m[38;5;249mS[0m[38;5;249mo
[0m[38;5;249mf[0m[38;5;249ma[0m[38;5;249m,[0m
[38;5;249m [0m[38;5;249mW[0m[38;5;249mr[0m[38
;5;249me[0m[38;5;249mn[0m[38;5;249mc[0m[38;5;2
49mh[0m[38;5;249m,[0m[38;5;249m [0m[38;5;249mP
[0m[38;5;249me[0m[38;5;249mn[0m[38;5;249mT[0m
[38;5;249mo[0m[38;5;249mo[0m[38;5;249ml[0m[38
;5;249m,[0m[38;5;249m [0m[38;5;249mW[0m[38;5;2
49ma[0m[38;5;249mr[0m[38;5;249me[0m[38;5;249mh
[0m[38;5;249mo[0m[38;5;249mu[0m[38;5;249ms[0m
[38;5;249me[0m[38;5;249m,[0m[38;5;249m [0m[38
;5;249mS[0m[38;5;249mc[0m[38;5;249ma[0m[38;5;2
49ml[0m[38;5;249mi[0m[38;5;249mn[0m[38;5;249mg
[0m[38;5;249m,[0m[38;5;249m [0m[38;5;249mD[0m
[38;5;249mr[0m[38;5;249mo[0m[38;5;249mp[0m[38
;5;249ml[0m[38;5;249me[0m[38;5;249mt[0m[38;5;2
49ms[0m[38;5;249m,[0m[38;5;249m [0m[38;5;249mF
[0m[38;5;249mi[0m[38;5;249ml[0m[38;5;249me[0m
[38;5;249mT[0m[38;5;249me[0m[38;5;249mx[0m[38
;5;249mt[0m[38;5;249m,[0m[38;5;249m 
[0mBridge[38;5;249m,[0m[38;5;249m [0m[38;5;249
mC[0m[38;5;249ma[0m[38;5;249ml[0m[38;5;249mc[
0m[38;5;249mu[0m[38;5;249ml[0m[38;5;249ma[0m[
38;5;249mt[0m[38;5;249mo[0m[38;5;249mr[0m[38;5
;249m,[0m[38;5;249m [0m[38;5;249mC[0m[38;5;249
mo[0m[38;5;249mm[0m[38;5;249mp[0m[38;5;249ma[
0m[38;5;249ms[0m[38;5;249ms[0m[38;5;249m 
[0m[38;5;249m}[0m[38;5;249m [0m[38;5;249mf[0m
[38;5;249mr[0m[38;5;249mo[0m[38;5;249mm[0m[38
;5;249m [0m[38;5;249m"[0m[38;5;249ml[0m[38;5;2
49mu[0m[38;5;249mc[0m[38;5;249mi[0m[38;5;249md
[0m[38;5;249me[0m[38;5;249m-[0m[38;5;249mr[0m
[38;5;249me[0m[38;5;249ma[0m[38;5;249mc[0m[38
;5;249mt[0m[38;5;249m"[0m[38;5;249m;[0m
 [38;5;240m  Γöé[0m                               
                                                    
                         ΓöÇΓöÇΓöÇΓö¼ΓöÇΓöÇ  
 [38;5;240m  Γöé[0m                               
                                                    
                            Γò░ΓöÇΓöÇΓöÇΓöÇ Missing 
export
[38;5;246mΓöÇΓöÇΓöÇΓò»[0m
[31m
    at aggregateBindingErrorsIntoJsError (file:///C:
/Users/Hp/apexstructure/node_modules/rolldown/dist/s
hared/error-BLhcSyeg.mjs:48:18)
    at unwrapBindingResult (file:///C:/Users/Hp/apex
structure/node_modules/rolldown/dist/shared/error-BL
hcSyeg.mjs:18:128)
    at #build (file:///C:/Users/Hp/apexstructure/nod
e_modules/rolldown/dist/shared/rolldown-build-CPrIX9
V6.mjs:3313:34)
    at async buildEnvironment (file:///C:/Users/Hp/a
pexstructure/node_modules/vite/dist/node/chunks/node
.js:32849:64)
    at async Object.build (file:///C:/Users/Hp/apexs
tructure/node_modules/vite/dist/node/chunks/node.js:
33271:19)
    at async Object.buildApp (file:///C:/Users/Hp/ap
exstructure/node_modules/vite/dist/node/chunks/node.
js:33268:153)
    at async CAC.<anonymous> (file:///C:/Users/Hp/ap
exstructure/node_modules/vite/dist/node/cli.js:778:3
) {
  errors: [Getter/Setter]
}[39m
